[
    [
        2019,
        "Physical Review D",
        "10.1103/PhysRevD.100.045010",
        "1905.05050",
        "hep-th",
        "Hutomo, Jessica",
        "Australia",
        "Department of Physics M013, The University of Western Australia 35 Stirling Highway, Crawley W.A. 6009, Australia",
        2
    ],
    [
        2019,
        "Physical Review D",
        "10.1103/PhysRevD.100.045010",
        "1905.05050",
        "hep-th",
        "Kuzenko, Sergei M.",
        "Australia",
        "Department of Physics M013, The University of Western Australia 35 Stirling Highway, Crawley W.A. 6009, Australia",
        2
    ],
    [
        2019,
        "Physical Review D",
        "10.1103/PhysRevD.100.034509",
        "1905.10202",
        "hep-lat",
        "Culver, C.",
        "USA",
        "The George Washington University, Washington, DC 20052, USA",
        5
    ],
    [
        2019,
        "Physical Review D",
        "10.1103/PhysRevD.100.034509",
        "1905.10202",
        "hep-lat",
        "Mai, M.",
        "USA",
        "The George Washington University, Washington, DC 20052, USA",
        5
    ],
    [
        2019,
        "Physical Review D",
        "10.1103/PhysRevD.100.034509",
        "1905.10202",
        "hep-lat",
        "Alexandru, A.",
        "USA",
        "The George Washington University, Washington, DC 20052, USA",
        5
    ],
    [
        2019,
        "Physical Review D",
        "10.1103/PhysRevD.100.034509",
        "1905.10202",
        "hep-lat",
        "Alexandru, A.",
        "USA",
        "Department of Physics, University of Maryland, College Park, Maryland 20742, USA",
        5
    ],
    [
        2019,
        "Physical Review D",
        "10.1103/PhysRevD.100.034509",
        "1905.10202",
        "hep-lat",
        "D\u00f6ring, M.",
        "USA",
        "The George Washington University, Washington, DC 20052, USA",
        5
    ],
    [
        2019,
        "Physical Review D",
        "10.1103/PhysRevD.100.034509",
        "1905.10202",
        "hep-lat",
        "D\u00f6ring, M.",
        "USA",
        "Thomas Jefferson National Accelerator Facility, Newport News, Virginia 23606, USA",
        5
    ],
    [
        2019,
        "Physical Review D",
        "10.1103/PhysRevD.100.034509",
        "1905.10202",
        "hep-lat",
        "Lee, F.\u2009X.",
        "USA",
        "The George Washington University, Washington, DC 20052, USA",
        5
    ],
    [
        2019,
        "European Physical Journal C",
        "10.1140/epjc/s10052-019-7195-4",
        null,
        null,
        "Moraes, P.",
        "Brazil",
        "Departamento de Paulo, 12228-900, Brazil",
        1
    ],
        [
        2019,
        "European Physical Journal C",
        "10.1140/epjc/s10052-019-7195-4",
        null,
        null,
        "Moraes, P.",
        "Italy",
        "Dipartimento di Fisica, Naples, 80126, Italy",
        1
    ]
]