[
    [
        "2019",
        "49126",
        "10.1140/epjc/s10052-019-7195-4",
        "The trace of the trace of the energy\u2013momentum tensor-dependent Einstein\u2019s field equations",
        "",
        "",
        "2019-08-13",
        "2019-08-13T14:30:27.739985",
        "European Physical Journal C"
    ]
]